[INFO] Scanning for projects...
[INFO] 
[INFO] -------------------< com.signatureapp:signature-app >-------------------
[INFO] Building Document Signature App 1.0.0
[INFO]   from pom.xml
[INFO] --------------------------------[ jar ]---------------------------------
[INFO] 
[INFO] >>> spring-boot:3.2.5:run (default-cli) > test-compile @ signature-app >>>
[INFO] 
[INFO] --- resources:3.3.1:resources (default-resources) @ signature-app ---
[INFO] Copying 1 resource from src\main\resources to target\classes
[INFO] Copying 0 resource from src\main\resources to target\classes
[INFO] 
[INFO] --- compiler:3.11.0:compile (default-compile) @ signature-app ---
[INFO] Nothing to compile - all classes are up to date
[INFO] 
[INFO] --- resources:3.3.1:testResources (default-testResources) @ signature-app ---
[INFO] skip non existing resourceDirectory C:\internship projects\signature-app\src\test\resources
[INFO] 
[INFO] --- compiler:3.11.0:testCompile (default-testCompile) @ signature-app ---
[INFO] Nothing to compile - all classes are up to date
[INFO] 
[INFO] <<< spring-boot:3.2.5:run (default-cli) < test-compile @ signature-app <<<
[INFO] 
[INFO] 
[INFO] --- spring-boot:3.2.5:run (default-cli) @ signature-app ---
[INFO] Attaching agents: []
Standard Commons Logging discovery in action with spring-jcl: please remove commons-logging.jar from classpath in order to avoid potential conflicts

  .   ____          _            __ _ _
 /\\ / ___'_ __ _ _(_)_ __  __ _ \ \ \ \
( ( )\___ | '_ | '_| | '_ \/ _` | \ \ \ \
 \\/  ___)| |_)| | | | | || (_| |  ) ) ) )
  '  |____| .__|_| |_|_| |_\__, | / / / /
 =========|_|==============|___/=/_/_/_/
 :: Spring Boot ::                (v3.2.5)

2026-06-17T17:02:31.655+05:30  INFO 7256 --- [           main] c.signatureapp.SignatureAppApplication   : Starting SignatureAppApplication using Java 17.0.12 with PID 7256 (C:\internship projects\signature-app\target\classes started by Asus in C:\internship projects\signature-app)
2026-06-17T17:02:31.671+05:30 DEBUG 7256 --- [           main] c.signatureapp.SignatureAppApplication   : Running with Spring Boot v3.2.5, Spring v6.1.6
2026-06-17T17:02:31.671+05:30  INFO 7256 --- [           main] c.signatureapp.SignatureAppApplication   : No active profile set, falling back to 1 default profile: "default"
2026-06-17T17:02:33.065+05:30  INFO 7256 --- [           main] .s.d.r.c.RepositoryConfigurationDelegate : Bootstrapping Spring Data JPA repositories in DEFAULT mode.
2026-06-17T17:02:33.240+05:30  INFO 7256 --- [           main] .s.d.r.c.RepositoryConfigurationDelegate : Finished Spring Data repository scanning in 144 ms. Found 4 JPA repository interfaces.
2026-06-17T17:02:33.999+05:30  INFO 7256 --- [           main] o.s.b.w.embedded.tomcat.TomcatWebServer  : Tomcat initialized with port 8081 (http)
2026-06-17T17:02:34.015+05:30  INFO 7256 --- [           main] o.apache.catalina.core.StandardService   : Starting service [Tomcat]
2026-06-17T17:02:34.016+05:30  INFO 7256 --- [           main] o.apache.catalina.core.StandardEngine    : Starting Servlet engine: [Apache Tomcat/10.1.20]
2026-06-17T17:02:34.086+05:30  INFO 7256 --- [           main] o.a.c.c.C.[Tomcat].[localhost].[/]       : Initializing Spring embedded WebApplicationContext
2026-06-17T17:02:34.089+05:30  INFO 7256 --- [           main] w.s.c.ServletWebServerApplicationContext : Root WebApplicationContext: initialization completed in 2308 ms
Standard Commons Logging discovery in action with spring-jcl: please remove commons-logging.jar from classpath in order to avoid potential conflicts
2026-06-17T17:02:34.258+05:30  INFO 7256 --- [           main] o.hibernate.jpa.internal.util.LogHelper  : HHH000204: Processing PersistenceUnitInfo [name: default]
2026-06-17T17:02:34.325+05:30  INFO 7256 --- [           main] org.hibernate.Version                    : HHH000412: Hibernate ORM core version 6.4.4.Final
2026-06-17T17:02:34.365+05:30  INFO 7256 --- [           main] o.h.c.internal.RegionFactoryInitiator    : HHH000026: Second-level cache disabled
2026-06-17T17:02:34.624+05:30  INFO 7256 --- [           main] o.s.o.j.p.SpringPersistenceUnitInfo      : No LoadTimeWeaver setup: ignoring JPA class transformer
2026-06-17T17:02:34.660+05:30  INFO 7256 --- [           main] com.zaxxer.hikari.HikariDataSource       : HikariPool-1 - Starting...
2026-06-17T17:02:34.865+05:30  INFO 7256 --- [           main] com.zaxxer.hikari.pool.HikariPool        : HikariPool-1 - Added connection com.mysql.cj.jdbc.ConnectionImpl@19bf47fc
2026-06-17T17:02:34.871+05:30  INFO 7256 --- [           main] com.zaxxer.hikari.HikariDataSource       : HikariPool-1 - Start completed.
2026-06-17T17:02:34.935+05:30  WARN 7256 --- [           main] org.hibernate.orm.deprecation            : HHH90000025: MySQLDialect does not need to be specified explicitly using 'hibernate.dialect' (remove the property setting and it will be selected by default)
2026-06-17T17:02:36.243+05:30  INFO 7256 --- [           main] o.h.e.t.j.p.i.JtaPlatformInitiator       : HHH000489: No JTA platform available (set 'hibernate.transaction.jta.platform' to enable JTA platform integration)
2026-06-17T17:02:36.380+05:30  INFO 7256 --- [           main] j.LocalContainerEntityManagerFactoryBean : Initialized JPA EntityManagerFactory for persistence unit 'default'
2026-06-17T17:02:36.796+05:30 DEBUG 7256 --- [           main] c.signatureapp.security.JwtAuthFilter    : Filter 'jwtAuthFilter' configured for use
2026-06-17T17:02:36.811+05:30  INFO 7256 --- [           main] c.signatureapp.config.FileStorageConfig  : Upload directory ready: C:\internship projects\signature-app\uploads
2026-06-17T17:02:36.812+05:30  INFO 7256 --- [           main] c.signatureapp.config.FileStorageConfig  : Signed PDF directory ready: C:\internship projects\signature-app\uploads\signed
2026-06-17T17:02:36.887+05:30  INFO 7256 --- [           main] o.s.d.j.r.query.QueryEnhancerFactory     : Hibernate is in classpath; If applicable, HQL parser will be used.
2026-06-17T17:02:37.973+05:30  INFO 7256 --- [           main] o.s.s.web.DefaultSecurityFilterChain     : Will secure any request with [org.springframework.security.web.session.DisableEncodeUrlFilter@22ec1877, org.springframework.security.web.context.request.async.WebAsyncManagerIntegrationFilter@4dac863d, org.springframework.security.web.context.SecurityContextHolderFilter@1fc48b16, org.springframework.security.web.header.HeaderWriterFilter@49038769, org.springframework.web.filter.CorsFilter@503308de, org.springframework.security.web.authentication.logout.LogoutFilter@21cb02d0, com.signatureapp.security.JwtAuthFilter@5e94947e, org.springframework.security.web.savedrequest.RequestCacheAwareFilter@2e408d5a, org.springframework.security.web.servletapi.SecurityContextHolderAwareRequestFilter@52a2c66, org.springframework.security.web.authentication.AnonymousAuthenticationFilter@482bdb02, org.springframework.security.web.session.SessionManagementFilter@6fc277e4, org.springframework.security.web.access.ExceptionTranslationFilter@296ac298, org.springframework.security.web.access.intercept.AuthorizationFilter@7e8235b2]
2026-06-17T17:02:38.263+05:30  INFO 7256 --- [           main] o.s.b.w.embedded.tomcat.TomcatWebServer  : Tomcat started on port 8081 (http) with context path ''
2026-06-17T17:02:38.273+05:30  INFO 7256 --- [           main] c.signatureapp.SignatureAppApplication   : Started SignatureAppApplication in 7.368 seconds (process running for 7.959)
?????????????????????????????????????????????????
?   ? Document Signature App Started           ?
?   Java 17 | Spring Boot 3.2 | MySQL           ?
?   Server: http://localhost:8080               ?
?????????????????????????????????????????????????

2026-06-17T17:04:18.570+05:30  INFO 7256 --- [nio-8081-exec-1] o.a.c.c.C.[Tomcat].[localhost].[/]       : Initializing Spring DispatcherServlet 'dispatcherServlet'
2026-06-17T17:04:18.570+05:30  INFO 7256 --- [nio-8081-exec-1] o.s.web.servlet.DispatcherServlet        : Initializing Servlet 'dispatcherServlet'
2026-06-17T17:04:18.578+05:30  INFO 7256 --- [nio-8081-exec-1] o.s.web.servlet.DispatcherServlet        : Completed initialization in 8 ms
2026-06-17T17:04:19.139+05:30 DEBUG 7256 --- [nio-8081-exec-1] org.hibernate.SQL                        : 
    select
        u1_0.id 
    from
        users u1_0 
    where
        u1_0.email=? 
    limit
        ?
Hibernate: 
    select
        u1_0.id 
    from
        users u1_0 
    where
        u1_0.email=? 
    limit
        ?
2026-06-17T17:04:19.982+05:30 DEBUG 7256 --- [nio-8081-exec-1] org.hibernate.SQL                        : 
    insert 
    into
        users
        (created_at, email, is_active, name, password, role, updated_at) 
    values
        (?, ?, ?, ?, ?, ?, ?)
Hibernate: 
    insert 
    into
        users
        (created_at, email, is_active, name, password, role, updated_at) 
    values
        (?, ?, ?, ?, ?, ?, ?)
2026-06-17T17:04:20.021+05:30  INFO 7256 --- [nio-8081-exec-1] com.signatureapp.service.AuthService     : New user registered: smoke-20260617170418@example.com
2026-06-17T17:04:43.592+05:30 DEBUG 7256 --- [nio-8081-exec-3] org.hibernate.SQL                        : 
    select
        u1_0.id 
    from
        users u1_0 
    where
        u1_0.email=? 
    limit
        ?
Hibernate: 
    select
        u1_0.id 
    from
        users u1_0 
    where
        u1_0.email=? 
    limit
        ?
2026-06-17T17:04:44.310+05:30 DEBUG 7256 --- [nio-8081-exec-3] org.hibernate.SQL                        : 
    insert 
    into
        users
        (created_at, email, is_active, name, password, role, updated_at) 
    values
        (?, ?, ?, ?, ?, ?, ?)
Hibernate: 
    insert 
    into
        users
        (created_at, email, is_active, name, password, role, updated_at) 
    values
        (?, ?, ?, ?, ?, ?, ?)
2026-06-17T17:04:44.325+05:30  INFO 7256 --- [nio-8081-exec-3] com.signatureapp.service.AuthService     : New user registered: smoke-20260617170443@example.com
2026-06-17T17:04:44.599+05:30 DEBUG 7256 --- [nio-8081-exec-4] org.hibernate.SQL                        : 
    select
        u1_0.id,
        u1_0.created_at,
        u1_0.email,
        u1_0.is_active,
        u1_0.name,
        u1_0.password,
        u1_0.role,
        u1_0.updated_at 
    from
        users u1_0 
    where
        u1_0.email=?
Hibernate: 
    select
        u1_0.id,
        u1_0.created_at,
        u1_0.email,
        u1_0.is_active,
        u1_0.name,
        u1_0.password,
        u1_0.role,
        u1_0.updated_at 
    from
        users u1_0 
    where
        u1_0.email=?
2026-06-17T17:04:44.724+05:30 DEBUG 7256 --- [nio-8081-exec-4] org.hibernate.SQL                        : 
    select
        u1_0.id,
        u1_0.created_at,
        u1_0.email,
        u1_0.is_active,
        u1_0.name,
        u1_0.password,
        u1_0.role,
        u1_0.updated_at 
    from
        users u1_0 
    where
        u1_0.id=?
Hibernate: 
    select
        u1_0.id,
        u1_0.created_at,
        u1_0.email,
        u1_0.is_active,
        u1_0.name,
        u1_0.password,
        u1_0.role,
        u1_0.updated_at 
    from
        users u1_0 
    where
        u1_0.id=?
2026-06-17T17:04:44.724+05:30  INFO 7256 --- [nio-8081-exec-4] c.s.service.FileStorageService           : Stored file: tmp-smoke.pdf -> 82a79147-6c1e-4206-a7eb-650c027c8e10_tmp-smoke.pdf
2026-06-17T17:04:44.740+05:30 DEBUG 7256 --- [nio-8081-exec-4] org.hibernate.SQL                        : 
    insert 
    into
        documents
        (created_at, file_path, file_size, original_file_name, owner_id, signed_file_path, signing_token, signing_token_expiry, status, stored_file_name, title, updated_at) 
    values
        (?, ?, ?, ?, ?, ?, ?, ?, ?, ?, ?, ?)
Hibernate: 
    insert 
    into
        documents
        (created_at, file_path, file_size, original_file_name, owner_id, signed_file_path, signing_token, signing_token_expiry, status, stored_file_name, title, updated_at) 
    values
        (?, ?, ?, ?, ?, ?, ?, ?, ?, ?, ?, ?)
2026-06-17T17:04:44.740+05:30  INFO 7256 --- [nio-8081-exec-4] c.signatureapp.service.DocumentService   : Document uploaded: Smoke Doc by user: smoke-20260617170443@example.com
2026-06-17T17:04:44.756+05:30 DEBUG 7256 --- [         task-1] org.hibernate.SQL                        : 
    insert 
    into
        audit_logs
        (action, actor_email, actor_name, details, document_id, ip_address, timestamp, user_id, user_agent) 
    values
        (?, ?, ?, ?, ?, ?, ?, ?, ?)
Hibernate: 
    insert 
    into
        audit_logs
        (action, actor_email, actor_name, details, document_id, ip_address, timestamp, user_id, user_agent) 
    values
        (?, ?, ?, ?, ?, ?, ?, ?, ?)
2026-06-17T17:04:44.804+05:30 DEBUG 7256 --- [nio-8081-exec-2] org.hibernate.SQL                        : 
    select
        u1_0.id,
        u1_0.created_at,
        u1_0.email,
        u1_0.is_active,
        u1_0.name,
        u1_0.password,
        u1_0.role,
        u1_0.updated_at 
    from
        users u1_0 
    where
        u1_0.email=?
Hibernate: 
    select
        u1_0.id,
        u1_0.created_at,
        u1_0.email,
        u1_0.is_active,
        u1_0.name,
        u1_0.password,
        u1_0.role,
        u1_0.updated_at 
    from
        users u1_0 
    where
        u1_0.email=?
2026-06-17T17:04:44.820+05:30 DEBUG 7256 --- [nio-8081-exec-2] org.hibernate.SQL                        : 
    select
        d1_0.id,
        d1_0.created_at,
        d1_0.file_path,
        d1_0.file_size,
        d1_0.original_file_name,
        d1_0.owner_id,
        d1_0.signed_file_path,
        d1_0.signing_token,
        d1_0.signing_token_expiry,
        d1_0.status,
        d1_0.stored_file_name,
        d1_0.title,
        d1_0.updated_at 
    from
        documents d1_0 
    where
        d1_0.id=?
Hibernate: 
    select
        d1_0.id,
        d1_0.created_at,
        d1_0.file_path,
        d1_0.file_size,
        d1_0.original_file_name,
        d1_0.owner_id,
        d1_0.signed_file_path,
        d1_0.signing_token,
        d1_0.signing_token_expiry,
        d1_0.status,
        d1_0.stored_file_name,
        d1_0.title,
        d1_0.updated_at 
    from
        documents d1_0 
    where
        d1_0.id=?
2026-06-17T17:04:44.852+05:30 DEBUG 7256 --- [nio-8081-exec-2] org.hibernate.SQL                        : 
    select
        u1_0.id,
        u1_0.created_at,
        u1_0.email,
        u1_0.is_active,
        u1_0.name,
        u1_0.password,
        u1_0.role,
        u1_0.updated_at 
    from
        users u1_0 
    where
        u1_0.id=?
Hibernate: 
    select
        u1_0.id,
        u1_0.created_at,
        u1_0.email,
        u1_0.is_active,
        u1_0.name,
        u1_0.password,
        u1_0.role,
        u1_0.updated_at 
    from
        users u1_0 
    where
        u1_0.id=?
2026-06-17T17:04:44.852+05:30 DEBUG 7256 --- [         task-2] org.hibernate.SQL                        : 
    insert 
    into
        audit_logs
        (action, actor_email, actor_name, details, document_id, ip_address, timestamp, user_id, user_agent) 
    values
        (?, ?, ?, ?, ?, ?, ?, ?, ?)
Hibernate: 
    insert 
    into
        audit_logs
        (action, actor_email, actor_name, details, document_id, ip_address, timestamp, user_id, user_agent) 
    values
        (?, ?, ?, ?, ?, ?, ?, ?, ?)
2026-06-17T17:04:44.884+05:30 DEBUG 7256 --- [nio-8081-exec-2] org.hibernate.SQL                        : 
    update
        documents 
    set
        file_path=?,
        file_size=?,
        original_file_name=?,
        owner_id=?,
        signed_file_path=?,
        signing_token=?,
        signing_token_expiry=?,
        status=?,
        stored_file_name=?,
        title=?,
        updated_at=? 
    where
        id=?
Hibernate: 
    update
        documents 
    set
        file_path=?,
        file_size=?,
        original_file_name=?,
        owner_id=?,
        signed_file_path=?,
        signing_token=?,
        signing_token_expiry=?,
        status=?,
        stored_file_name=?,
        title=?,
        updated_at=? 
    where
        id=?
2026-06-17T17:04:48.283+05:30 ERROR 7256 --- [         task-3] com.signatureapp.service.EmailService    : Failed to send email to signer@example.com: Authentication failed
[INFO] ------------------------------------------------------------------------
[INFO] BUILD FAILURE
[INFO] ------------------------------------------------------------------------
[INFO] Total time:  11:18 min
[INFO] Finished at: 2026-06-17T17:13:41+05:30
[INFO] ------------------------------------------------------------------------
[ERROR] Failed to execute goal org.springframework.boot:spring-boot-maven-plugin:3.2.5:run (default-cli) on project signature-app: Process terminated with exit code: -1 -> [Help 1]
[ERROR] 
[ERROR] To see the full stack trace of the errors, re-run Maven with the -e switch.
[ERROR] Re-run Maven using the -X switch to enable full debug logging.
[ERROR] 
[ERROR] For more information about the errors and possible solutions, please read the following articles:
[ERROR] [Help 1] http://cwiki.apache.org/confluence/display/MAVEN/MojoExecutionException
